2026-03-09T22:33:05.660Z [RTM] info: Skipping network creation. Observe that all external IO operations will yield a runtime error.
Runtime error in thread 305e7dd0-b2b5-4904-aa7a-19743486f136@{}%{}

  30 |     val _ = blockendorseto (authority, `<alice&bob; #root-integrity>`)
     |             ^

>> NMIFC transparency violation for blocking level integrity
 | The confidentiality of the data and PC do not permit this endorsement.
 | current blocking level: {alice,bob} (corrupt: true)
 | target level: <alice&bob;#root-integrity>
 | PC level: {} (corrupt: false)
>> at tests/rt/neg/ifc/nmifc/block-transp-corrupt-label.trp:30:13
