2025-12-28T12:56:21.662Z [RTM] [32minfo[39m: Skipping network creation. Observe that all external IO operations will yield a runtime error.
Runtime error in thread 44a1258c-8cb1-4d99-9d70-a0e2617f7b66@{}%{}
>> NMIFC transparency violation for blocking level integrity
 | The confidentiality of the data and PC do not permit this endorsement.
 | current blocking level: {alice,bob} (corrupt: true)
 | target level: <alice&bob;#root-integrity>
 | PC level: {} (corrupt: false)
