2026-02-10T10:10:09.579Z [RTM] [32minfo[39m: Skipping network creation. Observe that all external IO operations will yield a runtime error.
Runtime error in thread c0a6dbe2-e1f1-4ab1-b984-26c6d9fcb998@{}%{}

  27 |     val y = downgrade (x, authority, `<#null-confidentiality; #root-integrity>`)
     |             ^

>> NMIFC robustness violation for downgrade
 | The integrity of the data and PC do not permit this downgrade.
 | level of the data: {alice,bob} (corrupt: true)
 | target level: {}
 | PC level: {} (corrupt: false)
>> at tests/rt/neg/ifc/nmifc/crossdim-downgrade-corrupt-label.trp:27:13
