2026-02-10T10:09:41.261Z [RTM] [32minfo[39m: Skipping network creation. Observe that all external IO operations will yield a runtime error.
Runtime error in thread ede8c876-67fb-42ac-ae0e-6d30eaa8d7f1@{}%{}

  36 |     val _ = blockdownto (authority, `<#null-confidentiality; #root-integrity>`)
     |             ^

>> NMIFC robustness violation for blocking level downgrade
 | The integrity of the data and PC do not permit this blocking level downgrade.
 | current blocking level: {alice,bob} (corrupt: true)
 | target level: {}
 | PC level: {} (corrupt: false)
>> at tests/rt/neg/ifc/nmifc/crossdim-blockdownto-corrupt-label.trp:36:13
