2025-12-28T12:28:29.028Z [RTM] [32minfo[39m: Skipping network creation. Observe that all external IO operations will yield a runtime error.
Runtime error in thread 83c82e34-a3e8-43d3-b25d-fca3341dabdd@{}%{}
>> NMIFC robustness violation for declassification
 | The integrity of the data and PC do not permit this declassification.
 | level of the data: {alice,bob} (corrupt: true)
 | target level: <#null-confidentiality;alice|bob>
 | PC level: {} (corrupt: false)
