2026-01-03T21:09:49.550Z [RTM] [32minfo[39m: Skipping network creation. Observe that all external IO operations will yield a runtime error.
Runtime error in thread 0698d5dd-fc89-4385-bca3-5073ff230f20@{}%{}
>> NMIFC transparency violation for endorsement
 | The confidentiality of the data and PC do not permit this endorsement.
 | level of the data: {alice,bob} (corrupt: true)
 | target level: <alice&bob;#root-integrity>
 | PC level: {} (corrupt: false)
>> at tests/rt/neg/ifc/nmifc/transp-corrupt-label.trp:29:13
