2026-03-09T22:33:00.155Z [RTM] info: Skipping network creation. Observe that all external IO operations will yield a runtime error.
("authAlice:", !{alice})
("authBob:", !{bob})
("combined:", !<alice&bob;alice&bob>)
("combined with charlie:", !<alice&bob&charlie;alice&bob&charlie>)
>>> Main thread finished with value: ()@{}%{}
