2026-03-09T22:32:55.331Z [RTM] info: Skipping network creation. Observe that all external IO operations will yield a runtime error.
<#null-confidentiality;attacker>
<#null-confidentiality;attacker>
<#null-confidentiality;attacker>
<#null-confidentiality;attacker>
<#null-confidentiality;attacker>
true
true
true
true
>>> Main thread finished with value: ()@{}%{}
