2025-06-24T21:28:32.062Z [RTM] info: Skipping network creation. Observe that all external IO operations will yield a runtime error.
(10@{#TOP}%{}, 20@<#null-confidentiality;#null-integrity>%{}, 30@{#ROOT}%{}, 40@{}%{}, 100@<alice;#null-integrity>%{}, 200@<alice;#root-integrity>%{}, 300@<#root-confidentiality;bob>%{}, 400@<#null-confidentiality;bob>%{})@{}%{}
>>> Main thread finished with value: ()@{}%{}
