2025-05-29T07:39:06.510Z [RTM] [32minfo[39m: Skipping network creation. Observe that all external IO operations will yield a runtime error.
42
PID:b2e624cd-88b0-4eb4-9373-3c00e9c11fec@{}%{}     PC:{}                BL:<alice&bob,#root-integrity> HNNORMAL             _sp:18               
>>> Main thread finished with value: ()@<alice&bob,#root-integrity>%<alice&bob,#root-integrity>
