2025-05-29T07:40:20.911Z [RTM] [32minfo[39m: Skipping network creation. Observe that all external IO operations will yield a runtime error.
1@<alice&bob,#root-integrity>%<alice&bob,#root-integrity>
PID:1a837c54-2c65-4e9a-8201-2760db6538e9@{}%{}     PC:{}                BL:<alice&bob,#root-integrity> HNNORMAL             _sp:25               
PID:1a837c54-2c65-4e9a-8201-2760db6538e9@{}%{}     PC:{}                BL:<alice&bob,#root-integrity> HNNORMAL             _sp:25               
2@<bob,#root-integrity>%<bob,#root-integrity>
>>> Main thread finished with value: ()@<alice&bob,#root-integrity>%<alice&bob,#root-integrity>
