2025-06-07T12:20:21.653Z [RTM] [32minfo[39m: Skipping network creation. Observe that all external IO operations will yield a runtime error.
1@<alice&bob;#root-integrity>%<alice&bob;#root-integrity>
PID:3cda30a0-9769-429b-97fa-4b9456596a9e@{}%{}     PC:{}                BL:<alice&bob;#root-integrity> HNNORMAL             _sp:27               
PID:3cda30a0-9769-429b-97fa-4b9456596a9e@{}%{}     PC:{}                BL:<alice&bob;#root-integrity> HNNORMAL             _sp:27               
2@<bob;#root-integrity>%<bob;#root-integrity>
>>> Main thread finished with value: ()@<alice&bob;#root-integrity>%<alice&bob;#root-integrity>
