2025-06-07T12:20:22.373Z [RTM] [32minfo[39m: Skipping network creation. Observe that all external IO operations will yield a runtime error.
PID:7adfdabd-6062-410f-93a5-179ecbfe3f72@{}%{}     PC:{}                BL:<alice&bob;#root-integrity> HNNORMAL             _sp:27               
1@<alice&bob;#root-integrity>%<alice&bob;#root-integrity>
2@{}%{}
>>> Main thread finished with value: ()@<alice&bob;#root-integrity>%<alice&bob;#root-integrity>
