2025-06-07T12:20:21.740Z [RTM] [32minfo[39m: Skipping network creation. Observe that all external IO operations will yield a runtime error.
42
PID:4cddc970-f341-4ec3-94cf-f31cbb172f6c@{}%{}     PC:{}                BL:<alice&bob;#root-integrity> HNNORMAL             _sp:18               
>>> Main thread finished with value: ()@<alice&bob;#root-integrity>%<alice&bob;#root-integrity>
