2026-02-18T10:45:36.199Z [RTM] [32minfo[39m: Skipping network creation. Observe that all external IO operations will yield a runtime error.
{alice,bob}@{alice,bob}%{}
PID:a9ecf423-0b41-4b55-ad43-5cbf90af8352@{}%{}     PC:{}                BL:{}                HNNORMAL             _sp:15               
<alice|bob;alice&bob>@{alice,bob}%{}
PID:a9ecf423-0b41-4b55-ad43-5cbf90af8352@{}%{}     PC:{}                BL:{}                HNNORMAL             _sp:15               
>>> Main thread finished with value: ()@{}%{}
