2026-01-15T21:51:46.585Z [RTM] [32minfo[39m: Skipping network creation. Observe that all external IO operations will yield a runtime error.
>>> Main thread finished with value: ()@{secret}%{secret}
(1@{}%{}, {senderNode="<local>"@{secret}%{secret}}@{secret}%{secret})@{alice,secret}%{alice,secret}
PID:6a434dab-6d69-4573-ae9f-294298e4ccab@{}%{}     PC:{}                BL:{secret}          HNNORMAL             _sp:5                
