2025-06-24T21:28:31.301Z [RTM] info: Skipping network creation. Observe that all external IO operations will yield a runtime error.
PID:3240ca8e-c6d2-474f-81d2-2420e2abbfe7@{}%{}     PC:<secret;#root-integrity> BL:<secret;#root-integrity> HNNORMAL             _sp:15               
>>> Main thread finished with value: 532@{}%{}
