2026-02-18T10:57:07.115Z [RTM] [32minfo[39m: Skipping network creation. Observe that all external IO operations will yield a runtime error.
PID:b9461f68-2f39-4330-bd9d-423e07394085@{}%{}     PC:{}                BL:{alice,bob}       HNNORMAL             _sp:19               
>>> Main thread finished with value: {bob}@{alice,bob}%{alice,bob}
