2025-06-07T12:20:23.682Z [RTM] [32minfo[39m: Skipping network creation. Observe that all external IO operations will yield a runtime error.
PID:0b20ea56-9bfb-405f-bd57-a237e2648aeb@{}%{}     PC:{}                BL:{}                HNNORMAL             _sp:19               
>>> Main thread finished with value: 101@<alice;#root-integrity>%<alice;#root-integrity>
