2025-06-24T21:28:35.529Z [RTM] info: Skipping network creation. Observe that all external IO operations will yield a runtime error.
52@<alice&bob&charlie;#root-integrity>%<charlie;#root-integrity>
53@<alice&bob&charlie&dorothy;#root-integrity>%<dorothy;#root-integrity>
>>> Main thread finished with value: ()@<charlie&dorothy;#root-integrity>%<charlie&dorothy;#root-integrity>
