2025-05-29T11:00:20.419Z [RTM] [32minfo[39m: Skipping network creation. Observe that all external IO operations will yield a runtime error.
PID:ef319628-add2-4f57-bb00-45b28c5d7edb@{}%{}     PC:{}                BL:{}                HNNORMAL             _sp:19               
>>> Main thread finished with value: 101@<alice,#root-integrity>%<alice,#root-integrity>
