2025-06-07T12:20:30.394Z [RTM] [32minfo[39m: Skipping network creation. Observe that all external IO operations will yield a runtime error.
42@<secret;#root-integrity>%<secret;#root-integrity>
20@<secret;#root-integrity>%<secret;#root-integrity>
10@<secret;#root-integrity>%<secret;#root-integrity>
>>> Main thread finished with value: ()@<secret;#root-integrity>%<secret;#root-integrity>
