2025-08-15T07:47:18.539Z [RTM] [32minfo[39m: Skipping network creation. Observe that all external IO operations will yield a runtime error.
"Test 1: Empty trie operations"
"Test 2: Single insertion and lookup"
"Test 3: Multiple insertions"
"Test 4: Update existing key"
"Test 5: Integer keys"
"Test 6: Removal operations"
"Test 7: Remove non-existent key"
"Test 8: Remove all keys"
"Test 9: fromList and toList"
"Test 10: Large dataset"
"Test 11: Collision handling"
"Test 12: Mixed operations"
"Test 13: Persistence verification"
"Test 14: keys and values functions"
"Test 15: Special characters and edge cases"
"
All correctness tests passed!"
>>> Main thread finished with value: ()@{}%{}
