2025-07-29T08:43:00.734Z [RTM] [32minfo[39m: Skipping network creation. Observe that all external IO operations will yield a runtime error.
("Lookup 'hello':"@{}%{}, (SOME@{}%{}, 1@{}%{})@{}%{})@{}%{}
("Lookup 'world':"@{}%{}, (SOME@{}%{}, 2@{}%{})@{}%{})@{}%{}
("Lookup 42:"@{}%{}, (SOME@{}%{}, "number key"@{}%{})@{}%{})@{}%{}
("Size:"@{}%{}, 3@{}%{})@{}%{}
("Updated 'hello':"@{}%{}, (SOME@{}%{}, 10@{}%{})@{}%{})@{}%{}
("After removing 'world':"@{}%{}, NONE@{}%{})@{}%{}
("Size after remove:"@{}%{}, 2@{}%{})@{}%{}
("Big trie size:"@{}%{}, 30@{}%{})@{}%{}
("Lookup '15':"@{}%{}, (SOME@{}%{}, 15@{}%{})@{}%{})@{}%{}
("Lookup '30':"@{}%{}, (SOME@{}%{}, 30@{}%{})@{}%{})@{}%{}
"Bit operation verification:"@{}%{}
("15 andb 7 ="@{}%{}, 7@{}%{})@{}%{}
("8 orb 4 ="@{}%{}, 12@{}%{})@{}%{}
("15 xorb 10 ="@{}%{}, 5@{}%{})@{}%{}
("1 << 5 ="@{}%{}, 32@{}%{})@{}%{}
("32 >> 3 ="@{}%{}, 4@{}%{})@{}%{}
"Optimized HAMT test completed!"@{}%{}
>>> Main thread finished with value: ()@{}%{}
