2025-08-18T10:52:10.800Z [RTM] [32minfo[39m: Skipping network creation. Observe that all external IO operations will yield a runtime error.
"Testing multiple integer keys..."
"Inserting 42..."
"Inserting 100..."
"Inserting 0..."
"Structure after 3 inserts:"
"{tag="bitmap", bitmap=8197, children=[{tag="leaf", key=0, value="zero", hash=0}, {tag="leaf", key=100, value="century", hash=651544098}, {tag="leaf", key=42, value="answer", hash=982318125}]}"
"
Inserting -1..."
"Done with inserts"
"
Test complete"
>>> Main thread finished with value: ()@{}%{}
