2025-08-15T07:47:20.248Z [RTM] [32minfo[39m: Skipping network creation. Observe that all external IO operations will yield a runtime error.
"Testing integer keys..."
"hash(42) = 890894090"
"hash(100) = 229345572"
"hash(0) = 0"
"hash(-1) = 566789711"
"
Inserting 42..."
"After insert: {tag="leaf", key=42, value="answer", hash=890894090}"
"
Looking up 42..."
"Found: answer"
"
Done"
>>> Main thread finished with value: ()@{}%{}
