2026-03-04T09:51:36.391Z [RTM] [32minfo[39m: Skipping network creation. Observe that all external IO operations will yield a runtime error.
1@{}%{}
"secret!"@{}%{}
(1@{}%{}, 2@{}%{})@{}%{}
((1@{}%{}, 2@{}%{})@{}%{}, 3@{}%{})@{}%{}
(1@{}%{}, (2@{}%{}, 3@{}%{})@{}%{})@{}%{}
(1@{}%{}, 2@{}%{}, 3@{}%{})@{}%{}
[1@{}%{}, 2@{}%{}, (3@{}%{}, 4@{}%{})@{}%{}, (5@{}%{}, [6@{}%{}]@{}%{})@{}%{}]@{}%{}
"Hello, Troupe!"@{#ROOT}%{}
("pc", {}, "bl", {})
"Can I be declassified to {}, please?"@{}%{}
("pc", {}, "bl", {})
>>> Main thread finished with value: ()@{}%{}
