2026-01-20T15:46:56.017Z [RTM] [32minfo[39m: Skipping network creation. Observe that all external IO operations will yield a runtime error.
1@{}%{}
"secret!"@{}%{}
(1@{}%{}, 2@{}%{})@{}%{}
((1@{}%{}, 2@{}%{})@{}%{}, 3@{}%{})@{}%{}
(1@{}%{}, (2@{}%{}, 3@{}%{})@{}%{})@{}%{}
(1@{}%{}, 2@{}%{}, 3@{}%{})@{}%{}
[1@{}%{}, 2@{}%{}, (3@{}%{}, 4@{}%{})@{}%{}, (5@{}%{}, [6@{}%{}]@{}%{})@{}%{}]@{}%{}
"Hello, Troupe!"@{#ROOT}%{}
PID:95a7902c-c93b-42c0-ad6a-9de847401a22@{}%{}     PC:{}                BL:{}                HNNORMAL             _sp:37               
"Can I be declassified to {}, please?"@{}%{}
PID:95a7902c-c93b-42c0-ad6a-9de847401a22@{}%{}     PC:{}                BL:{}                HNNORMAL             _sp:37               
>>> Main thread finished with value: ()@{}%{}
