2026-02-09T14:16:56.863Z [RTM] [32minfo[39m: Skipping network creation. Observe that all external IO operations will yield a runtime error.
Hello, Alice @ stdout!
PC: {}, BL: {}
Hello, Alice @ stdout... again!
PC: {}, BL: {}
"Hello, Bob @ stdout!"@{bob}%{}
PC: {}, BL: {}
"Hello, Eve @ stdout!"@{eve}%{}
PC: {}, BL: {}
PC: {}, BL: {}
PC: {}, BL: {}
PC: {}, BL: {}
PC: {}, BL: {}
What is your name: Hello, "Alice"@{#ROOT}%{}
PC: {}, BL: {#ROOT}
What is your name: Hello, "Bob"@{#ROOT}%{}
PC: {}, BL: {#ROOT}
>>> Main thread finished with value: ()@{}%{}
