2026-03-09T22:33:08.026Z [RTM] info: Skipping network creation. Observe that all external IO operations will yield a runtime error.
1@{}%{}
Runtime error in thread 374e3110-cfbc-405c-89b9-2b27fc2e5bec@{}%{}

  21 |               val _ = adv i
     |                       ^

>> Illegal flow in adv function:
 |    pc: {}
 | block: <secret;#root-integrity>
 | value: 1@{}%{}
>> at tests/rt/timeout/blocking/neg/blocking-handler-leak.trp:21:23
