2025-06-07T12:20:30.292Z [RTM] [32minfo[39m: Skipping network creation. Observe that all external IO operations will yield a runtime error.
1@{}%{}
Runtime error in thread 61f5c172-276c-4306-8e6c-8a7e28b2a695@{}%{}
>> Illegal flow in adv function:
 |    pc: {}
 | block: <secret;#root-integrity>
 | value: 1@{}%{}
