2025-06-24T21:28:40.575Z [RTM] info: Skipping network creation. Observe that all external IO operations will yield a runtime error.
1@{}%{}
Runtime error in thread 08b6f660-ecdd-4329-a8a8-b6dcb5a3c1b2@{}%{}
>> Illegal flow in adv function:
 |    pc: {}
 | block: <secret;#root-integrity>
 | value: 1@{}%{}
