2025-06-07T12:20:30.336Z [RTM] [32minfo[39m: Skipping network creation. Observe that all external IO operations will yield a runtime error.
Runtime error in thread 4b736706-a88f-4118-b4ba-4f5899612be7@{}%{}
>> Illegal flow in adv function:
 |    pc: {}
 | block: <secret;#root-integrity>
 | value: 2@{}%{}
