2026-02-09T13:51:36.130Z [RTM] [32minfo[39m: Skipping network creation. Observe that all external IO operations will yield a runtime error.
Runtime error in thread a58d26c2-5742-48c7-8516-671522def84a@{}%{}

  1 | printString 42
    | ^

>> value 42 is not a string
>> at tests/rt/neg/preamble/printString.trp:1:1
