2025-08-15T07:47:22.389Z [RTM] [32minfo[39m: Skipping network creation. Observe that all external IO operations will yield a runtime error.
"
=== Stress Test 1: Large Sequential Insertions ==="
"Inserting 5000 string keys..."
"5000 insertions: 64744 ms"
"
=== Stress Test 2: Random Access Patterns ==="
"Inserting 1000 random keys (with potential duplicates)..."
"Random insertions: 8111 ms"
"1000 random lookups: 2704 ms"
"
=== Stress Test 3: Integer Key Performance ==="
"Inserting 10000 integer keys..."
"10000 int insertions: 95690 ms"
"
=== Stress Test 4: Bulk Removals ==="
"Removing 500 keys from 5000..."
"500 removals: 1809 ms"
"
=== Stress Test 5: Collision Stress Test ==="
"Inserting 500 collision-prone keys..."
"Collision insertions: 328 ms"
"
=== Stress Test 6: Mixed Operations Under Load ==="
"Performing 10000 mixed operations..."
"Mixed operations: 15888 ms"
"
=== Stress Test 7: Persistence Memory Stress ==="
"Creating 100 versions from 1000-key base..."
"Create 100 versions: 202 ms"
"
=== Stress Test 8: Extreme Key Sizes ==="
"Inserting extreme size keys..."
"Extreme keys: 18 ms"
"
=== Stress Test 9: fromList Performance ==="
"Creating trie from 2000 pairs..."
"fromList 2000: 3213 ms"
"
=== Stress Test 10: toList Performance ==="
"Extracting 2000 pairs..."
"toList 2000: 209 ms"
"

All stress tests completed successfully!"
>>> Main thread finished with value: ()@{}%{}
