2025-08-15T07:47:16.147Z [RTM] [32minfo[39m: Skipping network creation. Observe that all external IO operations will yield a runtime error.
"
=== Test 1: Insert 1000 integers ==="
"Insert 1000 integers: 11443 ms"
"
=== Test 2: Lookup performance ==="
"Lookup 1000 keys: 3817 ms"
"
=== Test 3: Insert 500 string keys ==="
"Insert 500 strings: 4444 ms"
"
=== Test 4: Mixed operations ==="
"500 mixed operations: 6568 ms"
"Final size: 500"
"
=== Test 5: Negative integers ==="
"Insert 100 negatives: 562 ms"
"
=== Performance test complete ==="
>>> Main thread finished with value: ()@{}%{}
