2026-01-05T22:09:35.577Z [RTM] [32minfo[39m: Skipping network creation. Observe that all external IO operations will yield a runtime error.
>>> Main thread finished with value: ()@{}%{}
Runtime error in thread ffed3d1c-bb03-47cb-a54f-794526155405@{}%{}
>> pattern match failure in case expression
>> at tests/rt/neg/core/crash01.trp:2:23
