2026-01-06T14:33:31.372Z [RTM] [32minfo[39m: Skipping network creation. Observe that all external IO operations will yield a runtime error.
Runtime error in thread 04b1106e-5dee-4581-a57c-9712e3540698@{}%{}

  2 |     and isTwo 2 = true 
    |         ^

>> pattern match failure in function isTwo
>> at tests/rt/neg/core/funpat.trp:2:9
