2026-02-09T13:51:26.561Z [RTM] [32minfo[39m: Skipping network creation. Observe that all external IO operations will yield a runtime error.
Runtime error in thread 4303957c-7932-4096-9ed6-f53a4816c8f7@{}%{}

  1 | fwrite (stdout authority) 42
    | ^

>> value LocalObject@{}%{} is not a 2-tuple
>> at tests/rt/neg/core/fwrite.trp:1:1
