2026-02-18T10:45:01.423Z [RTM] [32minfo[39m: Skipping network creation. Observe that all external IO operations will yield a runtime error.
Runtime error in thread 04a65ecc-8828-406f-a493-1b350ed0b3c7@{}%{}

  1 | glb (`{alice}`, "{bob}")
    | ^

>> value "{bob}"@{}%{} is not a level
>> at tests/rt/neg/core/glb02.trp:1:1
