2026-03-09T22:33:02.376Z [RTM] info: Skipping network creation. Observe that all external IO operations will yield a runtime error.
Runtime error in thread 72b1438f-dc4f-4f9d-80b8-39bfbbcef620@{}%{}

  1 | listToTuple 42
    | ^

>> value 42 is not a list
>> at tests/rt/neg/core/listToTuple_neg3.trp:1:1
