2026-01-06T09:52:01.566Z [RTM] [32minfo[39m: Skipping network creation. Observe that all external IO operations will yield a runtime error.
Runtime error in thread cba7f0ff-2e0a-4b8e-be6e-dc0395ac6cc3@{}%{}
>> pattern match failure in case expression
>> at tests/rt/neg/core/listpatterns02b.trp:2:3
