2026-03-09T22:33:03.551Z [RTM] info: Skipping network creation. Observe that all external IO operations will yield a runtime error.
Runtime error in thread c9834d0f-dc2b-40f1-a62b-5cf5d636a78f@{}%{}

  2 |   case f () of
    |   ^

>> pattern match failure in case expression
>> at tests/rt/neg/core/listpatterns02b.trp:2:3
