2026-01-06T09:52:02.752Z [RTM] [32minfo[39m: Skipping network creation. Observe that all external IO operations will yield a runtime error.
Runtime error in thread 13c1ed72-9359-4dc2-9c04-53cc1795abfe@{}%{}
>> pattern match failure in case expression
>> at tests/rt/neg/core/listpatterns04b.trp:2:3
