2026-01-06T09:52:01.451Z [RTM] [32minfo[39m: Skipping network creation. Observe that all external IO operations will yield a runtime error.
Runtime error in thread 42ef7734-6469-4d04-8cc5-4e3f09924c11@{}%{}
>> pattern match failure in case expression
>> at tests/rt/neg/core/listpatterns02d.trp:2:3
