2026-01-06T09:52:00.797Z [RTM] [32minfo[39m: Skipping network creation. Observe that all external IO operations will yield a runtime error.
Runtime error in thread d00ddb91-a5e4-47ff-a363-3cfd9f4d8ae2@{}%{}
>> pattern match failure in case expression
>> at tests/rt/neg/core/listpatterns01b.trp:2:3
