2026-01-05T22:02:22.447Z [RTM] [32minfo[39m: Skipping network creation. Observe that all external IO operations will yield a runtime error.
Runtime error in thread 092e9b29-5858-40f7-b3c4-bbf69110eeb9@{}%{}
>> pattern match failure in case expression
>> at tests/rt/pos/core/listpatterns03b.trp:2:3
