2026-01-03T21:09:47.167Z [RTM] [32minfo[39m: Skipping network creation. Observe that all external IO operations will yield a runtime error.
Runtime error in thread e7dbd5d8-1ce8-4039-98c0-73c2ad7f86be@{}%{}
>> pattern match failure in let declaration at tests/rt/neg/core/pattern01.trp:1:9
>> at tests/rt/neg/core/pattern01.trp:1:9
