2026-01-03T21:09:46.523Z [RTM] [32minfo[39m: Skipping network creation. Observe that all external IO operations will yield a runtime error.
Runtime error in thread 4e8ad5fc-c23c-4213-b33e-06e860559462@{}%{}
>> pattern match failure in let declaration at tests/rt/neg/core/pattern02.trp:1:9
>> at tests/rt/neg/core/pattern02.trp:1:9
