2026-01-06T09:52:02.211Z [RTM] [32minfo[39m: Skipping network creation. Observe that all external IO operations will yield a runtime error.
Runtime error in thread 8fc8200e-9075-4f10-a048-58678c01692f@{}%{}
>> record {a=5@{}%{}, b=42@{}%{}, c=10@{}%{}} does not have field 'z'
>> at tests/rt/neg/core/record-proj03.trp:2:4
