2026-01-06T09:52:02.591Z [RTM] [32minfo[39m: Skipping network creation. Observe that all external IO operations will yield a runtime error.
Runtime error in thread 5eb1dd07-4bba-46f6-8b0a-d6d7460ad4cf@{}%{}
>> record {} does not have field 'somefield'
>> at tests/rt/neg/core/record-proj04.trp:2:4
