2026-01-06T14:33:31.906Z [RTM] [32minfo[39m: Skipping network creation. Observe that all external IO operations will yield a runtime error.
Runtime error in thread e45f8a76-b1cf-4496-bd9e-afc6b7d91ba3@{}%{}

  1 | send ("whatever", ())
    | ^

>> value "whatever"@{}%{} is not a process id
>> at tests/rt/neg/core/sendassertions01.trp:1:1
