2026-01-03T21:09:48.634Z [RTM] [32minfo[39m: Skipping network creation. Observe that all external IO operations will yield a runtime error.
Runtime error in thread 7de82fc9-86f2-48f2-a59e-bda868daad75@{}%{}
>> value "whatever"@{}%{} is not a process id
>> at tests/rt/neg/core/sendassertions01.trp:1:1
