2026-03-09T22:33:04.491Z [RTM] info: Skipping network creation. Observe that all external IO operations will yield a runtime error.
Runtime error in thread 1184a14c-a7b6-465b-bf4d-c707a1f12f71@{}%{}

  1 | send ("whatever", ())
    | ^

>> value "whatever"@{}%{} is not a process id
>> at tests/rt/neg/core/sendassertions01.trp:1:1
