2026-01-03T21:09:48.192Z [RTM] [32minfo[39m: Skipping network creation. Observe that all external IO operations will yield a runtime error.
1
Runtime error in thread 8d3b53e2-11a7-44b3-9732-933aa96648e6@{}%{}
>> Unserializable object: <sandboxkont>@{}%{}
>> at tests/rt/neg/core/serialize05.trp:14:5
