2026-03-09T22:33:04.158Z [RTM] info: Skipping network creation. Observe that all external IO operations will yield a runtime error.
Runtime error in thread 9b378dab-5833-4c72-8816-2853b1eed98d@{}%{}

  1 | save (authority,"serialize03", exit)
    | ^

>> Unserializable object: <basefun:exit>@{}%{}
>> at tests/rt/neg/core/serialize03.trp:1:1
