2026-01-06T14:33:31.409Z [RTM] [32minfo[39m: Skipping network creation. Observe that all external IO operations will yield a runtime error.
1
Runtime error in thread 50f626ad-9f50-4083-b785-75985bb8cdb5@{}%{}

  14 | in  save (authority,"serialize05", fn () => resume)
     |     ^

>> Unserializable object: <sandboxkont>@{}%{}
>> at tests/rt/neg/core/serialize05.trp:14:5
