2026-01-06T14:33:31.366Z [RTM] [32minfo[39m: Skipping network creation. Observe that all external IO operations will yield a runtime error.
Runtime error in thread cd4acdff-eece-4342-8d4a-a2ff7f9d4ad7@{}%{}

  1 | save (authority,"serialize03", exit)
    | ^

>> Unserializable object: <basefun:exit>@{}%{}
>> at tests/rt/neg/core/serialize03.trp:1:1
