2026-03-09T22:33:03.860Z [RTM] info: Skipping network creation. Observe that all external IO operations will yield a runtime error.
1
Runtime error in thread 3f353510-ca31-45bd-9522-824fd3555a83@{}%{}

  9 | in  save (authority,"serialize04", resume)
    |     ^

>> Unserializable object: <sandboxkont>@{}%{}
>> at tests/rt/neg/core/serialize04.trp:9:5
