2026-01-03T21:09:48.180Z [RTM] [32minfo[39m: Skipping network creation. Observe that all external IO operations will yield a runtime error.
Runtime error in thread 36aa4938-20e1-419e-90a8-95c1bd8307c5@{}%{}
>> Unserializable object: <basefun:exit>@{}%{}
>> at tests/rt/neg/core/serialize03.trp:1:1
