2026-01-06T09:52:01.566Z [RTM] [32minfo[39m: Skipping network creation. Observe that all external IO operations will yield a runtime error.
Runtime error in thread e7c4086f-b294-4cc6-bdc9-815e81ecd533@{}%{}
>> pattern match failure in case expression
>> at tests/rt/neg/core/tuplepatterns02d.trp:2:3
