2026-01-06T14:33:30.622Z [RTM] [32minfo[39m: Skipping network creation. Observe that all external IO operations will yield a runtime error.
Runtime error in thread 827c1b36-34ea-499a-a47d-381a400cdfe3@{}%{}

  2 |   case f () of
    |   ^

>> pattern match failure in case expression
>> at tests/rt/neg/core/tuplepatterns02c.trp:2:3
