2026-01-06T09:52:02.065Z [RTM] [32minfo[39m: Skipping network creation. Observe that all external IO operations will yield a runtime error.
Runtime error in thread ddc47072-7e96-4c25-a565-d55730033d03@{}%{}
>> pattern match failure in case expression
>> at tests/rt/neg/core/tuplepatterns03b.trp:2:3
