2026-01-06T09:52:02.221Z [RTM] [32minfo[39m: Skipping network creation. Observe that all external IO operations will yield a runtime error.
Runtime error in thread 073c2430-1533-40bf-b0a8-0c9c7f4ccd7a@{}%{}
>> pattern match failure in case expression
>> at tests/rt/neg/core/tuplepatterns04b.trp:2:3
