2026-01-05T21:59:49.726Z [RTM] [32minfo[39m: Skipping network creation. Observe that all external IO operations will yield a runtime error.
Runtime error in thread 321fd2eb-0e29-435e-a9c6-89b707940530@{}%{}
>> pattern match failure in case expression
>> at tests/rt/pos/core/tuplepatterns04b.trp:2:3
