2026-03-09T22:33:02.968Z [RTM] info: Skipping network creation. Observe that all external IO operations will yield a runtime error.
Runtime error in thread 999267aa-46b2-4267-a695-b6ac18eb7a3d@{}%{}

  2 |   case f () of
    |   ^

>> pattern match failure in case expression
>> at tests/rt/neg/core/tuplepatterns02b.trp:2:3
