2026-01-06T14:33:31.354Z [RTM] [32minfo[39m: Skipping network creation. Observe that all external IO operations will yield a runtime error.
Runtime error in thread 65005db9-8d69-4df2-9238-1791760b9920@{}%{}

  2 |   case f () of
    |   ^

>> pattern match failure in case expression
>> at tests/rt/neg/core/tuplepatterns03b.trp:2:3
