2026-01-06T14:33:30.025Z [RTM] [32minfo[39m: Skipping network creation. Observe that all external IO operations will yield a runtime error.
Runtime error in thread 741f0ad2-d44a-4dc6-bf72-1d1065299601@{}%{}

  2 |   case f () of
    |   ^

>> pattern match failure in case expression
>> at tests/rt/neg/core/tuplepatterns01b.trp:2:3
