2025-06-07T12:20:20.697Z [RTM] [32minfo[39m: Skipping network creation. Observe that all external IO operations will yield a runtime error.
53525b8f-46e4-4d66-abdb-bf4cacd01dac
2@{}%{}
"DONE"@{}%{}
>>> Main thread finished with value: ()@<secret;#root-integrity>%<secret;#root-integrity>
1@{}%{}
"DONE"@{}%{}
