2025-06-24T21:28:31.955Z [RTM] info: Skipping network creation. Observe that all external IO operations will yield a runtime error.
dae5193a-1083-48f1-96a2-5aff6022b58d
2@{}%{}
"DONE"@{}%{}
>>> Main thread finished with value: ()@<secret;#root-integrity>%<secret;#root-integrity>
1@{}%{}
"DONE"@{}%{}
