2026-01-06T14:33:32.479Z [RTM] [32minfo[39m: Skipping network creation. Observe that all external IO operations will yield a runtime error.
Runtime error in thread c25f37d2-d9d7-4941-b740-523d59b91860@{}%{}

  3 | in getCliArgs lowAuth
    |    ^

>> Provided authority is not ROOT
 | level of the provided authority: {bob}
>> at tests/rt/neg/ifc/cliargs02.trp:3:4
