2026-01-06T14:33:31.961Z [RTM] [32minfo[39m: Skipping network creation. Observe that all external IO operations will yield a runtime error.
Runtime error in thread 9404ba3d-5bd9-4fdb-bbc6-587966dc9c85@{}%{}

  2 | getCliArgs ()
    | ^

>> value ()@{}%{} is not a authority
>> at tests/rt/neg/ifc/cliargs-noauth01.trp:2:1
