2025-05-29T15:07:06.799Z [RTM] [32minfo[39m: Skipping network creation. Observe that all external IO operations will yield a runtime error.
Runtime error in thread ab666934-d086-4976-9afb-ad74294223af@{}%{}
>> Current blocking level does not flow to the target level of the declassification
 | current blocking level: {alice}
 | target blocking level: {}
