2026-01-03T21:09:50.367Z [RTM] [32minfo[39m: Skipping network creation. Observe that all external IO operations will yield a runtime error.
Runtime error in thread 7e46c8e5-0dbe-4225-a96a-2d6c37e4cda8@{}%{}
>> Not enough authority for declassification
 | level of the data: <alice&bob;#root-integrity>
 | level of the authority: <alice;#root-integrity>
 | target level of the declassification: <alice;#root-integrity>
>> at tests/rt/neg/ifc/decl.trp:5:13
