2026-03-09T09:48:33.592Z [RTM] [32minfo[39m: Skipping network creation. Observe that all external IO operations will yield a runtime error.
Runtime error in thread a7de367a-1d71-4b1b-9a9f-e1a38e289f3f@{}%{}

  19 | in adv ()
     |    ^

>> Illegal flow in adv function:
 |    pc: {}
 | block: <alice&bob&charlie;#root-integrity>
 | value: ()@{}%{}
>> at tests/rt/neg/ifc/declassify_blocking.to.trp:19:4
