2026-01-03T21:09:48.847Z [RTM] [32minfo[39m: Skipping network creation. Observe that all external IO operations will yield a runtime error.
>>> Main thread finished with value: ()@{}%{}
Runtime error in thread b1259e59-0877-448a-9f71-85d6e9d4b051@{}%{}
>> Illegal flow in adv function:
 |    pc: {secret}
 | block: {secret}
 | value: 2@{secret}%{secret}
>> at tests/rt/neg/ifc/handlers.trp:4:44
