2026-01-06T14:33:31.978Z [RTM] [32minfo[39m: Skipping network creation. Observe that all external IO operations will yield a runtime error.
>>> Main thread finished with value: ()@{}%{}
Runtime error in thread b7e04007-ef9b-41a0-9b92-e3c150459533@{}%{}

  4 |                                  , hn x => adv 2
    |                                            ^

>> Illegal flow in adv function:
 |    pc: {secret}
 | block: {secret}
 | value: 2@{secret}%{secret}
>> at tests/rt/neg/ifc/handlers.trp:4:44
