2025-06-24T21:28:38.350Z [RTM] info: Skipping network creation. Observe that all external IO operations will yield a runtime error.
PID:75f2c016-2d88-41f1-be34-e4f919f1b34a@{}%{}     PC:{}                BL:{#TOP}            HNNORMAL             _sp:16               
Runtime error in thread 75f2c016-2d88-41f1-be34-e4f919f1b34a@{}%{}
>> Illegal flow in adv function:
 |    pc: {}
 | block: {#TOP}
 | value: 1@{#TOP}%{#TOP}
