2026-01-06T14:33:34.597Z [RTM] [32minfo[39m: Skipping network creation. Observe that all external IO operations will yield a runtime error.
PID:bc6aee60-98f3-4296-8352-3c4d873e9159@{}%{}     PC:{}                BL:{#TOP}            HNNORMAL             _sp:16               
Runtime error in thread bc6aee60-98f3-4296-8352-3c4d873e9159@{}%{}

  6 |     val _ = adv y
    |             ^

>> Illegal flow in adv function:
 |    pc: {}
 | block: {#TOP}
 | value: 1@{#TOP}%{#TOP}
>> at tests/rt/neg/ifc/implicitclosure01.trp:6:13
