2026-01-06T14:33:33.874Z [RTM] [32minfo[39m: Skipping network creation. Observe that all external IO operations will yield a runtime error.
>>> Main thread finished with value: ()@{secret}%{secret}
Runtime error in thread 6e398d64-7500-4fa5-9dee-7de0fcc0c402@{}%{}

  5 |             val _ = adv (22)
    |                     ^

>> Illegal flow in adv function:
 |    pc: {}
 | block: {secret}
 | value: 22@{}%{}
>> at tests/rt/neg/ifc/infoflowcheck02.trp:5:21
