2025-06-24T21:28:40.194Z [RTM] info: Skipping network creation. Observe that all external IO operations will yield a runtime error.
>>> Main thread finished with value: ()@{secret}%{secret}
"hi"@{}%{}
Runtime error in thread 49779bef-4eb1-400f-bee5-e709ee36d022@{}%{}
>> Illegal flow in adv function:
 |    pc: {}
 | block: {secret}
 | value: 100@{}%{}
