2026-03-09T22:33:06.484Z [RTM] info: Skipping network creation. Observe that all external IO operations will yield a runtime error.
>>> Main thread finished with value: ()@{secret}%{secret}
Runtime error in thread c3d77b80-8e8a-4db4-ba0e-4f3782d822e2@{}%{}

  5 |             val _ = adv (22)
    |                     ^

>> Illegal flow in adv function:
 |    pc: {}
 | block: {secret}
 | value: 22@{}%{}
>> at tests/rt/neg/ifc/infoflowcheck02.trp:5:21
