2026-01-03T21:09:51.087Z [RTM] [32minfo[39m: Skipping network creation. Observe that all external IO operations will yield a runtime error.
>>> Main thread finished with value: ()@{secret}%{secret}
"hi"@{}%{}
Runtime error in thread d2297165-605b-4f53-9c1a-575e4ea7b291@{}%{}
>> Illegal flow in adv function:
 |    pc: {}
 | block: {secret}
 | value: 100@{}%{}
>> at tests/rt/neg/ifc/infoflowcheck01.trp:4:12
