2025-06-24T21:28:40.144Z [RTM] info: Skipping network creation. Observe that all external IO operations will yield a runtime error.
Runtime error in thread 5e69284b-4093-451d-8f62-10aa538f0b3b@{}%{}
>> Illegal flow in adv function:
 |    pc: {}
 | block: <secret;#root-integrity>
 | value: 0@<secret;#root-integrity>%<secret;#root-integrity>
