2025-06-24T21:28:39.977Z [RTM] info: Skipping network creation. Observe that all external IO operations will yield a runtime error.
Runtime error in thread 1755a158-1238-4f25-be33-f681a0cf67ce@{}%{}
>> Not enough mailbox clearance for this receive
 | receive lower bound: {}
 | receive upper bound: {}
 | pc level           : {alice}
 | mailbox clearance  : {}
