2026-01-03T21:09:51.108Z [RTM] [32minfo[39m: Skipping network creation. Observe that all external IO operations will yield a runtime error.
Runtime error in thread fcd6cf1f-230a-409c-825c-2763a688496c@{}%{}
>> Insufficient authority for lowering the mailbox clearance
| authority provided: <alice;#root-integrity>
| current level of the mailbox: <alice&bob;#root-integrity>
| target level of the mailbox: <alice;#root-integrity>
>> at tests/rt/neg/ifc/lclear-wrongauth2.trp:4:13
