2026-01-03T21:09:51.943Z [RTM] [32minfo[39m: Skipping network creation. Observe that all external IO operations will yield a runtime error.
Runtime error in thread [main]993c9b0e-9d77-42e7-b3d2-ab089e2d2aee@{}%{}
>> PC level at the time of raising the mailbox clearance is too sensitive for this receive
 | receive lower bound: {}
 | pc level at the time of receive: {secret}
 | pc level at the time of raise: {secret}
>> at tests/rt/neg/ifc/lclear-indirect-high-raise.trp:7:7
