2026-03-09T22:33:07.881Z [RTM] info: Skipping network creation. Observe that all external IO operations will yield a runtime error.
Runtime error in thread e7affd4a-5d08-4de6-b111-40150156902f@{}%{}

  8 |         then raisembox (`{alice}`)  
    |                         ^

>> Mailbox clearance label is not restorted after being raised in a branch; stack depth = 11
>> at tests/rt/neg/ifc/lclear-implicit-raise.trp:8:25
