2025-06-24T21:28:39.385Z [RTM] info: Skipping network creation. Observe that all external IO operations will yield a runtime error.
Runtime error in thread b7bc0771-fafc-47f6-ab17-e55e3321c63e@{}%{}
>> Ill-scoped raise/lower of mailbox clearance:
expected cap: 3323a98b-1889-4164-8074-5030f5241702
provided cap: f29d29de-29cf-44dd-b084-70c4367c293f
