2026-01-06T14:33:32.496Z [RTM] [32minfo[39m: Skipping network creation. Observe that all external IO operations will yield a runtime error.
Runtime error in thread 99cd84a0-a27f-4f9d-ae36-626e9941f880@{}%{}

  5 |         then lowermbox (c, authority)
    |              ^

>> Cannot lower mailbox when the pc more sensitive than the mailbox clearance level
| current thread's pc level: {alice}
| mailbox clearance level: {}
>> at tests/rt/neg/ifc/lclear-implicit-lower.trp:5:14
