2026-03-09T22:33:07.126Z [RTM] info: Skipping network creation. Observe that all external IO operations will yield a runtime error.
Runtime error in thread 8ed8cce3-c700-432d-a672-1da1c9f5623d@{}%{}

  4 |     val _ = lowermbox ( c1, attenuate (authority, `{bob}` ))
    |             ^

>> Ill-scoped raise/lower of mailbox clearance:
expected cap: 2b589fb2-2bc4-4993-85d7-83b43e19ef55
provided cap: 214ccc05-5cfa-486a-8286-2ea61e2bd8c1
>> at tests/rt/neg/ifc/lclear-ill-scoped.trp:4:13
