2025-06-24T21:28:38.202Z [RTM] info: Skipping network creation. Observe that all external IO operations will yield a runtime error.
Runtime error in thread dbbf23e1-5f8f-43f1-99a0-72338ac13709@{}%{}
>> Insufficient authority for lowering the mailbox clearance
| authority provided: <bob;#root-integrity>
| current level of the mailbox: <alice;#root-integrity>
| target level of the mailbox: {}
