2025-05-29T07:43:15.027Z [RTM] [32minfo[39m: Skipping network creation. Observe that all external IO operations will yield a runtime error.
Runtime error in thread 7288051a-6da7-4fc2-8003-1a342344fc6c@{}%{}
>> Insufficient authority for lowering the mailbox clearance
| authority provided: <bob,#root-integrity>
| current level of the mailbox: <alice,#root-integrity>
| target level of the mailbox: {}
