2026-01-03T21:09:50.296Z [RTM] [32minfo[39m: Skipping network creation. Observe that all external IO operations will yield a runtime error.
>>> Main thread finished with value: (d9223aaa-4981-43ff-9327-914ed005ed8f@{}%{}, 5c52ee34-ef00-472e-8ae0-18fdedf2b13d@{}%{})@{}%{}
PID:d9223aaa-4981-43ff-9327-914ed005ed8f@{}%{}     PC:{}                BL:<alice&bob;#root-integrity> HNNORMAL             _sp:21               
PID:d9223aaa-4981-43ff-9327-914ed005ed8f@{}%{}     PC:{}                BL:<alice;#root-integrity> HNNORMAL             _sp:21               
PID:d9223aaa-4981-43ff-9327-914ed005ed8f@{}%{}     PC:{}                BL:<alice&bob;#root-integrity> HNNORMAL             _sp:21               
Runtime error in thread d9223aaa-4981-43ff-9327-914ed005ed8f@{}%{}
>> Illegal flow in adv function:
 |    pc: {}
 | block: <alice&bob;#root-integrity>
 | l_adv: <alice;#root-integrity>@{}%{} 
 | value: ()@{}%{}
>> at tests/rt/neg/ifc/lclear-msc-thesis-example-neg-01.trp:24:12
