2026-01-06T14:33:33.946Z [RTM] [32minfo[39m: Skipping network creation. Observe that all external IO operations will yield a runtime error.
Runtime error in thread 0d77891e-d4cc-4e86-a814-e82714e81d04@{}%{}

  4 |     val _ = lowermbox ( c1, attenuate (authority, `{bob}` ))
    |             ^

>> Ill-scoped raise/lower of mailbox clearance:
expected cap: f38fa344-a8b9-4694-bdae-7f674cd79aeb
provided cap: 72a62479-0f81-438b-9a0c-38e671108abb
>> at tests/rt/neg/ifc/lclear-ill-scoped.trp:4:13
