2026-01-06T14:33:33.955Z [RTM] [32minfo[39m: Skipping network creation. Observe that all external IO operations will yield a runtime error.
PID:26591968-3da5-4600-937b-5a8a119ff42e@{}%{}     PC:{}                BL:{}                HNNORMAL             _sp:21               
PID:26591968-3da5-4600-937b-5a8a119ff42e@{}%{}     PC:{}                BL:{}                HNNORMAL             _sp:21               
Runtime error in thread 26591968-3da5-4600-937b-5a8a119ff42e@{}%{}

  11 | in adv v
     |    ^

>> Illegal flow in adv function:
 |    pc: {}
 | block: <alice;#root-integrity>
 | value: 2@<alice;#root-integrity>%<alice;#root-integrity>
>> at tests/rt/neg/ifc/lclear-taint2.trp:11:4
