2025-06-24T21:28:38.162Z [RTM] info: Skipping network creation. Observe that all external IO operations will yield a runtime error.
Runtime error in thread 8468086f-923e-4a8f-a340-4b73c09c41a2@{}%{}
>> Cannot lower mailbox when the pc more sensitive than the mailbox clearance level
| current thread's pc level: {alice}
| mailbox clearance level: {}
