2025-05-29T10:58:47.380Z [RTM] [32minfo[39m: Skipping network creation. Observe that all external IO operations will yield a runtime error.
PID:3c761253-677a-47b1-ae1f-47f034f35425@{}%{}     PC:{}                BL:{}                HNNORMAL             _sp:19               
PID:3c761253-677a-47b1-ae1f-47f034f35425@{}%{}     PC:{}                BL:{}                HNNORMAL             _sp:19               
Runtime error in thread 3c761253-677a-47b1-ae1f-47f034f35425@{}%{}
>> Illegal flow in adv function:
 |    pc: {}
 | block: <alice,#root-integrity>
 | value: 2@<alice,#root-integrity>%<alice,#root-integrity>
