2026-03-09T22:33:07.189Z [RTM] info: Skipping network creation. Observe that all external IO operations will yield a runtime error.
Runtime error in thread 9c13eb34-6525-46a6-81f0-c06e26a1faa4@{}%{}

  15 |             val _ = adv i
     |                     ^

>> Illegal flow in adv function:
 |    pc: {}
 | block: {#TOP}
 | value: 5@{}%{}
>> at tests/rt/neg/ifc/manyprocs-ifc-leak01.trp:15:21
(6@{}%{}, "x"@{}%{})@{}%{}
Runtime error in thread 3ab4d9bb-416c-4d9a-a790-7ecd1ff0526b@{}%{}

  13 |               in adv i
     |                  ^

>> Illegal flow in adv function:
 |    pc: {}
 | block: {#TOP}
 | value: 6@{}%{}
>> at tests/rt/neg/ifc/manyprocs-ifc-leak01.trp:13:18
