2026-01-03T21:09:51.176Z [RTM] [32minfo[39m: Skipping network creation. Observe that all external IO operations will yield a runtime error.
Runtime error in thread 9802d930-6053-448e-b992-6bc43549a7c5@{}%{}
>> Illegal flow in adv function:
 |    pc: {}
 | block: {#TOP}
 | value: 5@{}%{}
>> at tests/rt/neg/ifc/manyprocs.trp:15:21
(6@{}%{}, "x"@{}%{})@{}%{}
Runtime error in thread 59369299-219b-4cd2-9824-f04fec8cf75d@{}%{}
>> Illegal flow in adv function:
 |    pc: {}
 | block: {#TOP}
 | value: 6@{}%{}
>> at tests/rt/neg/ifc/manyprocs.trp:13:18
