2026-03-09T22:33:05.120Z [RTM] info: Skipping network creation. Observe that all external IO operations will yield a runtime error.
PID:72a89edf-00d0-4992-bf50-742b010816ef@{}%{}     PC:{}                BL:<alice&bob;#root-integrity> HNNORMAL             _sp:16               
Runtime error in thread 72a89edf-00d0-4992-bf50-742b010816ef@{}%{}

  5 |     val _ = pinipop (c)
    |             ^

>> Not enough authority for pini downgrading
 | from level of the blocking level: <alice&bob;#root-integrity>
 | level of the authority: <alice;#root-integrity>
 | to level of the blocking level: <alice;#root-integrity>
>> at tests/rt/neg/ifc/pini_full_insuff_auth.trp:5:13
