2026-01-03T21:09:48.833Z [RTM] [32minfo[39m: Skipping network creation. Observe that all external IO operations will yield a runtime error.
Runtime error in thread 6b9e2735-2064-477e-b199-11e961868d36@{}%{}
>> level argument of pinipushto operation must flow to the current blocking level
| the blocking level: {alice,bob}
| the level argument: {}@{}%{}
>> at tests/rt/neg/ifc/pini_full_wrong_lev.trp:4:14
