2026-03-11T09:23:18.385Z [RTM] [32minfo[39m: Skipping network creation. Observe that all external IO operations will yield a runtime error.
Runtime error in thread e0fe3bc9-fcf5-45bf-9ff1-611b6117bd5c@{}%{}

  16 |     val cap = pinipushto (aliceAuth, target)
     |               ^

>> level argument of pinipushto operation must flow to the current blocking level
| the blocking level: <bob;#root-integrity>
| the level argument: {}@<bob;#root-integrity>%{}
>> at tests/rt/neg/ifc/pinipushto_leak.trp:16:15
