2025-06-07T12:20:28.408Z [RTM] [32minfo[39m: Skipping network creation. Observe that all external IO operations will yield a runtime error.
Runtime error in thread 4c52a437-cb0f-4c30-826f-61d9d1303e5b@{}%{}
>> Illegal flow in adv function:
 |    pc: {}
 | block: <alice&bob;#root-integrity>
 | value: 1@{}%{}
