2026-02-09T13:54:30.530Z [RTM] [32minfo[39m: Skipping network creation. Observe that all external IO operations will yield a runtime error.
Runtime error in thread f2059344-4903-452a-8064-4709e04ed104@{}%{}

  14 |     adv ()
     |     ^

>> Illegal flow in adv function:
 |    pc: {}
 | block: <alice;#root-integrity>
 | value: ()@{}%{}
>> at tests/rt/neg/ifc/pini_d.trp:14:5
