2025-06-24T21:28:38.147Z [RTM] info: Skipping network creation. Observe that all external IO operations will yield a runtime error.
Runtime error in thread 7f1b8527-b7ff-4051-8571-96e13d57e234@{}%{}
>> level argument of pinipushto operation must flow to the current blocking level
| the blocking level: {alice,bob}
| the level argument: {}@{}%{}
