2026-01-03T21:09:50.217Z [RTM] [32minfo[39m: Skipping network creation. Observe that all external IO operations will yield a runtime error.
Runtime error in thread 1c51fff0-4189-45be-9eff-8c9e6ec12512@{}%{}
>> Illegal flow in adv function:
 |    pc: {#TOP}
 | block: {#TOP}
 | value: 1@{}%{}
>> at tests/rt/neg/ifc/simple.trp:2:23
