2026-01-06T14:33:33.198Z [RTM] [32minfo[39m: Skipping network creation. Observe that all external IO operations will yield a runtime error.
Runtime error in thread 53bcd24b-860b-428c-a912-0c022cbf95bc@{}%{}

  4 | in if secret > 0 then adv x else adv y
    |                       ^

>> Illegal flow in adv function:
 |    pc: {#TOP}
 | block: {#TOP}
 | value: 10@{}%{}
>> at tests/rt/neg/ifc/simple02.trp:4:23
