2026-01-03T21:09:50.205Z [RTM] [32minfo[39m: Skipping network creation. Observe that all external IO operations will yield a runtime error.
Runtime error in thread f1833df8-bd31-46ee-a2ff-237473aa78c9@{}%{}
>> Illegal flow in adv function:
 |    pc: {#TOP}
 | block: {#TOP}
 | value: 10@{}%{}
>> at tests/rt/neg/ifc/simple02.trp:4:23
