2026-01-05T22:00:29.366Z [RTM] [32minfo[39m: Skipping network creation. Observe that all external IO operations will yield a runtime error.
Runtime error in thread 42139ab2-df19-4ace-9a49-e2239d65b39b@{}%{}
>> pattern match failure in case expression
>> at tests/rt/pos/core/listpatterns02b.trp:2:3
