2026-01-05T22:03:31.616Z [RTM] [32minfo[39m: Skipping network creation. Observe that all external IO operations will yield a runtime error.
Runtime error in thread 72af35f5-1ad4-46c4-83ff-a567bd40a0c7@{}%{}
>> pattern match failure in case expression
>> at tests/rt/pos/core/listpatterns04b.trp:2:3
