2026-01-03T21:09:38.661Z [RTM] [32minfo[39m: Skipping network creation. Observe that all external IO operations will yield a runtime error.
Runtime error in thread 7fbc4c11-548d-46a5-a6f7-c61623b846e9@{}%{}
>> record {} does not have field 'somefield'
>> at tests/rt/pos/core/record-proj04.trp:2:4
