CLIENT: Starting echo client
CLIENT: Found echo server
CLIENT: Sending message: Hello World
CLIENT: Received response: Hello World
CLIENT: Echo test successful
SERVER: Starting echo server
SERVER: Registered echo service
SERVER: Received echo request: Hello World
SERVER: Sent reply: Hello World
SERVER: Echo test completed successfully